// Jest Snapshot v1, https://goo.gl/fbAQLP

exports[`Template Class Large UDT Testing should properly map, serialize, and deserialize large UDTs 1`] = `
Object {
  "member1": Array [
    Object {
      "member1": 0,
      "member2": 0,
      "member3": 0,
      "member4": Array [
        0,
        0,
      ],
    },
    Object {
      "member1": 0,
      "member2": 0,
      "member3": 0,
      "member4": Array [
        0,
        0,
      ],
    },
  ],
  "member2": false,
  "member3": false,
  "member4": false,
  "member5": Object {
    "member1": Object {
      "DATA": Array [
        0,
        0,
        0,
        0,
        0,
        0,
        0,
        0,
        0,
        0,
      ],
      "LEN": 0,
      "getString": [Function],
      "setString": [Function],
    },
    "member2": Array [
      0,
      0,
    ],
  },
}
`;

exports[`Template Class Large UDT Testing should properly map, serialize, and deserialize large UDTs 2`] = `
Object {
  "data": Array [
    1,
    0,
    0,
    0,
    2,
    3,
    0,
    0,
    4,
    0,
    5,
    0,
    6,
    0,
    0,
    0,
    7,
    8,
    0,
    0,
    9,
    0,
    10,
    0,
    5,
    0,
    0,
    0,
    10,
    0,
    0,
    0,
    110,
    101,
    119,
    32,
    115,
    116,
    114,
    105,
    110,
    103,
    0,
    0,
    121,
    233,
    246,
    66,
    254,
    100,
    228,
    67,
  ],
  "type": "Buffer",
}
`;

exports[`Template Class Large UDT Testing should properly map, serialize, and deserialize large UDTs 3`] = `
Object {
  "member1": Array [
    Object {
      "member1": 1,
      "member2": 2,
      "member3": 3,
      "member4": Array [
        4,
        5,
      ],
    },
    Object {
      "member1": 6,
      "member2": 7,
      "member3": 8,
      "member4": Array [
        9,
        10,
      ],
    },
  ],
  "member2": true,
  "member3": false,
  "member4": true,
  "member5": Object {
    "member1": Object {
      "DATA": Array [
        110,
        101,
        119,
        32,
        115,
        116,
        114,
        105,
        110,
        103,
      ],
      "LEN": 10,
      "getString": [Function],
      "setString": [Function],
    },
    "member2": Array [
      123.45600128173828,
      456.78900146484375,
    ],
  },
}
`;

exports[`Template Class Strings should build a string definition if given a string length 1`] = `
Object {
  "data": Array [
    4,
    0,
    0,
    0,
    116,
    116,
    116,
    116,
    0,
    0,
    0,
    0,
    0,
    0,
    0,
    0,
    0,
    0,
    0,
    0,
    0,
    0,
    0,
    0,
    0,
    0,
    0,
    0,
    0,
    0,
    0,
    0,
    0,
    0,
    0,
    0,
    0,
    0,
    0,
    0,
    0,
    0,
    0,
    0,
    0,
    0,
    0,
    0,
    0,
    0,
    0,
    0,
    0,
    0,
    0,
    0,
    0,
    0,
    0,
    0,
    0,
    0,
    0,
    0,
    0,
    0,
    0,
    0,
    0,
    0,
    0,
    0,
    0,
    0,
    0,
    0,
    0,
    0,
    0,
    0,
    0,
    0,
    0,
    0,
    0,
    0,
    0,
    0,
  ],
  "type": "Buffer",
}
`;
