// Jest Snapshot v1, https://goo.gl/fbAQLP

exports[`Tag Class Generate Read Requests Method Generates Appropriate Output 1`] = `
Array [
  Object {
    "data": Object {
      "data": Array [
        10,
        2,
        32,
        2,
        36,
        1,
        5,
        0,
        12,
        0,
        42,
        0,
        72,
        0,
        102,
        0,
        132,
        0,
        76,
        13,
        145,
        12,
        80,
        114,
        111,
        103,
        114,
        97,
        109,
        58,
        112,
        114,
        111,
        103,
        145,
        9,
        104,
        101,
        108,
        108,
        111,
        84,
        97,
        103,
        49,
        0,
        1,
        0,
        76,
        13,
        145,
        12,
        80,
        114,
        111,
        103,
        114,
        97,
        109,
        58,
        112,
        114,
        111,
        103,
        145,
        9,
        104,
        101,
        108,
        108,
        111,
        84,
        97,
        103,
        50,
        0,
        1,
        0,
        76,
        13,
        145,
        12,
        80,
        114,
        111,
        103,
        114,
        97,
        109,
        58,
        112,
        114,
        111,
        103,
        145,
        9,
        104,
        101,
        108,
        108,
        111,
        84,
        97,
        103,
        51,
        0,
        1,
        0,
        76,
        13,
        145,
        12,
        80,
        114,
        111,
        103,
        114,
        97,
        109,
        58,
        112,
        114,
        111,
        103,
        145,
        9,
        104,
        101,
        108,
        108,
        111,
        84,
        97,
        103,
        52,
        0,
        1,
        0,
        76,
        13,
        145,
        12,
        80,
        114,
        111,
        103,
        114,
        97,
        109,
        58,
        112,
        114,
        111,
        103,
        145,
        9,
        104,
        101,
        108,
        108,
        111,
        84,
        97,
        103,
        53,
        0,
        1,
        0,
      ],
      "type": "Buffer",
    },
    "tag_ids": Array [
      "f933545900d94fa18e26bf9495c807a5",
      "6a094b0c9172a58a127de4f4e3d07b4d",
      "b76fbe023a62902b18acbd368c5dec70",
      "a7c5544db81347948c6c062509b7664d",
      "a44f360e207bf89c9f2a379caeb459a4",
    ],
  },
]
`;

exports[`Tag Class Generate Write Requests Method Generates Appropriate Output 1`] = `Array []`;
