// Jest Snapshot v1, https://goo.gl/fbAQLP

exports[`Tag Class Generate Requests Method Generates Appropriate Output 1`] = `
Array [
  Object {
    "data": Object {
      "data": Array [
        10,
        2,
        32,
        2,
        36,
        1,
        5,
        0,
        12,
        0,
        42,
        0,
        72,
        0,
        102,
        0,
        132,
        0,
        76,
        13,
        145,
        12,
        80,
        114,
        111,
        103,
        114,
        97,
        109,
        58,
        112,
        114,
        111,
        103,
        145,
        9,
        104,
        101,
        108,
        108,
        111,
        84,
        97,
        103,
        49,
        0,
        1,
        0,
        76,
        13,
        145,
        12,
        80,
        114,
        111,
        103,
        114,
        97,
        109,
        58,
        112,
        114,
        111,
        103,
        145,
        9,
        104,
        101,
        108,
        108,
        111,
        84,
        97,
        103,
        50,
        0,
        1,
        0,
        76,
        13,
        145,
        12,
        80,
        114,
        111,
        103,
        114,
        97,
        109,
        58,
        112,
        114,
        111,
        103,
        145,
        9,
        104,
        101,
        108,
        108,
        111,
        84,
        97,
        103,
        51,
        0,
        1,
        0,
        76,
        13,
        145,
        12,
        80,
        114,
        111,
        103,
        114,
        97,
        109,
        58,
        112,
        114,
        111,
        103,
        145,
        9,
        104,
        101,
        108,
        108,
        111,
        84,
        97,
        103,
        52,
        0,
        1,
        0,
        76,
        13,
        145,
        12,
        80,
        114,
        111,
        103,
        114,
        97,
        109,
        58,
        112,
        114,
        111,
        103,
        145,
        9,
        104,
        101,
        108,
        108,
        111,
        84,
        97,
        103,
        53,
        0,
        1,
        0,
      ],
      "type": "Buffer",
    },
    "tag_ids": Array [
      "26c9f797dcf806b9b13a97737f67aa36",
      "9af40b57cff688f19a2f0d1452fdaf40",
      "2533efa4d59da3a9cfbfc24af77233e9",
      "59aa78fabba9e92a5c940fb6ed13f673",
      "3bd1491279cd5de70cc6c3022aed9067",
    ],
  },
]
`;

exports[`Tag Class Generate Requests Method Generates Appropriate Output 2`] = `Array []`;
